IP Upgrade report for tog_pin
Wed Mar 27 10:44:26 2024
Quartus Prime Version 22.1std.0 Build 915 10/25/2022 SC Lite Edition


---------------------
; Table of Contents ;
---------------------
  1. Legal Notice
  2. IP Upgrade Summary
  3. Successfully Upgraded IP Components
  4. IP Upgrade Messages



----------------
; Legal Notice ;
----------------
Copyright (C) 2022  Intel Corporation. All rights reserved.
Your use of Intel Corporation's design tools, logic functions 
and other software and tools, and any partner logic 
functions, and any output files from any of the foregoing 
(including device programming or simulation files), and any 
associated documentation or information are expressly subject 
to the terms and conditions of the Intel Program License 
Subscription Agreement, the Intel Quartus Prime License Agreement,
the Intel FPGA IP License Agreement, or other applicable license
agreement, including, without limitation, that your use is for
the sole purpose of programming logic devices manufactured by
Intel and sold by Intel or its authorized distributors.  Please
refer to the applicable agreement for further details, at
https://fpgasoftware.intel.com/eula.



+-------------------------------------------------------------------------------+
; IP Upgrade Summary                                                            ;
+------------------------------+------------------------------------------------+
; IP Components Upgrade Status ; Passed - Wed Mar 27 10:44:26 2024              ;
; Quartus Prime Version        ; 22.1std.0 Build 915 10/25/2022 SC Lite Edition ;
; Revision Name                ; tog_pin                                        ;
; Top-level Entity Name        ; toggle_top                                     ;
; Family                       ; MAX 10                                         ;
+------------------------------+------------------------------------------------+


+-----------------------------------------------------------------------------------------------------------------------------------------+
; Successfully Upgraded IP Components                                                                                                     ;
+-------------+----------------+---------+----------------------------+----------------------------+----------------------------+---------+
; Entity Name ; Component Name ; Version ; Original Source File       ; Generation File Path       ; New Source File            ; Message ;
+-------------+----------------+---------+----------------------------+----------------------------+----------------------------+---------+
; pll1        ; ALTPLL         ; 17.1    ; ip/pll/pll1.qip            ; ip/pll/pll1.vhd            ; ip/pll/pll1.qip            ;         ;
; pll_clks    ; ALTPLL         ; 17.1    ; ../cdc/ip/pll/pll_clks.qip ; ../cdc/ip/pll/pll_clks.vhd ; ../cdc/ip/pll/pll_clks.qip ;         ;
+-------------+----------------+---------+----------------------------+----------------------------+----------------------------+---------+


+---------------------+
; IP Upgrade Messages ;
+---------------------+
Info (11902): Backing up file "ip/pll/pll1.vhd" to "ip/pll/pll1.BAK.vhd"
Info (11837): Started upgrading IP component ALTPLL with file "ip/pll/pll1.vhd"
Info (11902): Backing up file "../cdc/ip/pll/pll_clks.vhd" to "../cdc/ip/pll/pll_clks.BAK.vhd"
Info (11837): Started upgrading IP component ALTPLL with file "../cdc/ip/pll/pll_clks.vhd"
Info (11131): Completed upgrading IP component ALTPLL with file "ip/pll/pll1.vhd"
Info (11131): Completed upgrading IP component ALTPLL with file "../cdc/ip/pll/pll_clks.vhd"
Info (23030): Evaluation of Tcl script c:/intelfpga_lite/22.1std/quartus/common/tcl/internal/ip_regen/ip_regen.tcl was successful
Info: Quartus Prime Shell was successful. 0 errors, 0 warnings
    Info: Peak virtual memory: 4875 megabytes
    Info: Processing ended: Wed Mar 27 10:44:26 2024
    Info: Elapsed time: 00:00:13
    Info: Total CPU time (on all processors): 00:00:17


